
Discarded input sections

 .group         0x0000000000000000        0x8 binaries/ascdate.o
 .group         0x0000000000000000        0x8 binaries/bufinit.o
 .group         0x0000000000000000        0x8 binaries/chprio.o
 .group         0x0000000000000000        0x8 binaries/clkhandler.o
 .text.__x86.get_pc_thunk.bx
                0x0000000000000000        0x4 binaries/clkhandler.o
 .group         0x0000000000000000        0x8 binaries/clkinit.o
 .text.__x86.get_pc_thunk.bx
                0x0000000000000000        0x4 binaries/clkinit.o
 .group         0x0000000000000000        0x8 binaries/close.o
 .text.__x86.get_pc_thunk.bx
                0x0000000000000000        0x4 binaries/close.o
 .group         0x0000000000000000        0x8 binaries/control.o
 .text.__x86.get_pc_thunk.bx
                0x0000000000000000        0x4 binaries/control.o
 .group         0x0000000000000000        0x8 binaries/create.o
 .group         0x0000000000000000        0x8 binaries/create.o
 .text.__x86.get_pc_thunk.cx
                0x0000000000000000        0x4 binaries/create.o
 .text.__x86.get_pc_thunk.bx
                0x0000000000000000        0x4 binaries/create.o
 .group         0x0000000000000000        0x8 binaries/evec.o
 .group         0x0000000000000000        0x8 binaries/evec.o
 .text.__x86.get_pc_thunk.ax
                0x0000000000000000        0x4 binaries/evec.o
 .text.__x86.get_pc_thunk.bx
                0x0000000000000000        0x4 binaries/evec.o
 .group         0x0000000000000000        0x8 binaries/exit.o
 .text.__x86.get_pc_thunk.bx
                0x0000000000000000        0x4 binaries/exit.o
 .group         0x0000000000000000        0x8 binaries/freebuf.o
 .text.__x86.get_pc_thunk.bx
                0x0000000000000000        0x4 binaries/freebuf.o
 .group         0x0000000000000000        0x8 binaries/freemem.o
 .text.__x86.get_pc_thunk.bx
                0x0000000000000000        0x4 binaries/freemem.o
 .group         0x0000000000000000        0x8 binaries/getbuf.o
 .text.__x86.get_pc_thunk.bx
                0x0000000000000000        0x4 binaries/getbuf.o
 .group         0x0000000000000000        0x8 binaries/getc.o
 .text.__x86.get_pc_thunk.bx
                0x0000000000000000        0x4 binaries/getc.o
 .group         0x0000000000000000        0x8 binaries/getdev.o
 .text.__x86.get_pc_thunk.bx
                0x0000000000000000        0x4 binaries/getdev.o
 .group         0x0000000000000000        0x8 binaries/getitem.o
 .group         0x0000000000000000        0x8 binaries/getitem.o
 .text.__x86.get_pc_thunk.ax
                0x0000000000000000        0x4 binaries/getitem.o
 .group         0x0000000000000000        0x8 binaries/getmem.o
 .text.__x86.get_pc_thunk.bx
                0x0000000000000000        0x4 binaries/getmem.o
 .group         0x0000000000000000        0x8 binaries/getpid.o
 .text.__x86.get_pc_thunk.ax
                0x0000000000000000        0x4 binaries/getpid.o
 .group         0x0000000000000000        0x8 binaries/getprio.o
 .text.__x86.get_pc_thunk.bx
                0x0000000000000000        0x4 binaries/getprio.o
 .group         0x0000000000000000        0x8 binaries/getstk.o
 .text.__x86.get_pc_thunk.bx
                0x0000000000000000        0x4 binaries/getstk.o
 .group         0x0000000000000000        0x8 binaries/getticks.o
 .text.__x86.get_pc_thunk.ax
                0x0000000000000000        0x4 binaries/getticks.o
 .group         0x0000000000000000        0x8 binaries/gettime.o
 .text.__x86.get_pc_thunk.ax
                0x0000000000000000        0x4 binaries/gettime.o
 .group         0x0000000000000000        0x8 binaries/getutime.o
 .text.__x86.get_pc_thunk.bx
                0x0000000000000000        0x4 binaries/getutime.o
 .group         0x0000000000000000        0x8 binaries/i386.o
 .text.__x86.get_pc_thunk.bx
                0x0000000000000000        0x4 binaries/i386.o
 .group         0x0000000000000000        0x8 binaries/init.o
 .text.__x86.get_pc_thunk.bx
                0x0000000000000000        0x4 binaries/init.o
 .group         0x0000000000000000        0x8 binaries/initialize.o
 .group         0x0000000000000000        0x8 binaries/initialize.o
 .text.__x86.get_pc_thunk.ax
                0x0000000000000000        0x4 binaries/initialize.o
 .text.__x86.get_pc_thunk.bx
                0x0000000000000000        0x4 binaries/initialize.o
 .group         0x0000000000000000        0x8 binaries/insert.o
 .text.__x86.get_pc_thunk.ax
                0x0000000000000000        0x4 binaries/insert.o
 .group         0x0000000000000000        0x8 binaries/insertd.o
 .text.__x86.get_pc_thunk.ax
                0x0000000000000000        0x4 binaries/insertd.o
 .group         0x0000000000000000        0x8 binaries/ioerr.o
 .text.__x86.get_pc_thunk.ax
                0x0000000000000000        0x4 binaries/ioerr.o
 .group         0x0000000000000000        0x8 binaries/ionull.o
 .text.__x86.get_pc_thunk.ax
[...]
Memory Configuration

Name             Origin             Length             Attributes
*default*        0x0000000000000000 0xffffffffffffffff

Linker script and memory map

                0x0000000000100000                physbase = 0x100000
                0x0000000000100000                . = physbase
                0x0000000000100000                . = ALIGN (0x1000)

.text           0x0000000000100000    0x1f000
                0x0000000000100000                text = ABSOLUTE (.)
 *(.text .text.*)
 .text          0x0000000000100000      0x165 binaries/start.o
                0x0000000000100020                entry
                0x000000000010003d                start
                0x00000000001000a5                inb
                0x00000000001000ad                inw
                0x00000000001000b6                inl
                0x00000000001000be                outb
                0x00000000001000c8                outw
                0x00000000001000d3                outl
                0x00000000001000dd                _rtcin
                0x00000000001000e8                ___udivsi3
                0x00000000001000f3                ___divsi3
                0x00000000001000ff                sbzero
                0x000000000010010f                bcopy
                0x0000000000100123                insw
                0x0000000000100139                outsw
                0x000000000010014f                lidt
                0x0000000000100157                jumptocode
                0x000000000010015e                jumptobootcode
 .text          0x0000000000100165      0x406 binaries/ascdate.o
                0x0000000000100165                ascdate
 .text.__x86.get_pc_thunk.cx
                0x000000000010056b        0x4 binaries/ascdate.o
                0x000000000010056b                __x86.get_pc_thunk.cx
 .text          0x000000000010056f       0x1e binaries/bufinit.o
                0x000000000010056f                bufinit
 .text.__x86.get_pc_thunk.ax
                0x000000000010058d        0x4 binaries/bufinit.o
                0x000000000010058d                __x86.get_pc_thunk.ax
 .text          0x0000000000100591       0xa4 binaries/chprio.o
                0x0000000000100591                chprio
 .text.__x86.get_pc_thunk.bx
                0x0000000000100635        0x4 binaries/chprio.o
                0x0000000000100635                __x86.get_pc_thunk.bx
 .text          0x0000000000100639       0xd7 binaries/clkhandler.o
                0x0000000000100639                clkhandler
 .text          0x0000000000100710       0x91 binaries/clkinit.o
                0x0000000000100710                clkinit
 .text          0x00000000001007a1       0x88 binaries/close.o
                0x00000000001007a1                close
 .text          0x0000000000100829        0x0 binaries/conf.o
 .text          0x0000000000100829       0x8e binaries/control.o
                0x0000000000100829                control
 .text          0x00000000001008b7      0x2ef binaries/create.o
                0x00000000001008b7                create
 .text          0x0000000000100ba6      0x3c8 binaries/evec.o
                0x0000000000100ba6                initevec
                0x0000000000100c10                set_evec
                0x0000000000100ccc                trap
 .text          0x0000000000100f6e       0x2b binaries/exit.o
                0x0000000000100f6e                exit
 .text          0x0000000000100f99       0xa3 binaries/freebuf.o
                0x0000000000100f99                freebuf
 .text          0x000000000010103c      0x197 binaries/freemem.o
                0x000000000010103c                freemem
 .text          0x00000000001011d3       0xa1 binaries/getbuf.o
                0x00000000001011d3                getbuf
 .text          0x0000000000101274       0x88 binaries/getc.o
                0x0000000000101274                getc
 .text          0x00000000001012fc       0x88 binaries/getdev.o
                0x00000000001012fc                getdev
 .text          0x0000000000101384      0x115 binaries/getitem.o
                0x0000000000101384                getfirst
                0x00000000001013dc                getlast
                0x0000000000101436                getitem
 .text.__x86.get_pc_thunk.dx
                0x0000000000101499        0x4 binaries/getitem.o
                0x0000000000101499                __x86.get_pc_thunk.dx
 .text          0x000000000010149d      0x134 binaries/getmem.o
                0x000000000010149d                getmem
 .text          0x00000000001015d1       0x17 binaries/getpid.o
                0x00000000001015d1                getpid
 .text          0x00000000001015e8       0x8e binaries/getprio.o
                0x00000000001015e8                getprio
 .text          0x0000000000101676      0x11b binaries/getstk.o
                0x0000000000101676                getstk
 .text          0x0000000000101791       0x22 binaries/getticks.o
                0x0000000000101791                getticks
 .text          0x00000000001017b3       0x4c binaries/gettime.o
                0x00000000001017b3                gettime
 .text          0x00000000001017ff      0x21e binaries/getutime.o
                0x00000000001017ff                getutime
 .text          0x0000000000101a1d      0x439 binaries/i386.o
                0x0000000000101a1d                setsegs
                0x0000000000101b57                init8259
                0x0000000000101c1b                pseg
                0x0000000000101de3                setirmask
 .text          0x0000000000101e56       0x88 binaries/init.o
                0x0000000000101e56                init
 .text          0x0000000000101ede      0x454 binaries/initialize.o
                0x0000000000101ede                nulluser
                0x00000000001022bf                stop
                0x00000000001022fa                delay
 .text          0x0000000000102332      0x105 binaries/insert.o
                0x0000000000102332                insert
 .text          0x0000000000102437      0x13e binaries/insertd.o
                0x0000000000102437                insertd
 .text          0x0000000000102575       0x14 binaries/ioerr.o
                0x0000000000102575                ioerr
 .text          0x0000000000102589       0x14 binaries/ionull.o
                0x0000000000102589                ionull
 .text          0x000000000010259d      0x1ca binaries/kill.o
                0x000000000010259d                kill
 .text          0x0000000000102767      0x1d0 binaries/kprintf.o
                0x0000000000102767                kputc
                0x0000000000102831                kgetc
                0x00000000001028f9                kprintf
 .text          0x0000000000102937       0xe2 binaries/main.o
                0x0000000000102937                main
 .text          0x0000000000102a19       0xde binaries/mark.o
                0x0000000000102a19                markinit
                0x0000000000102a50                mark
 .text          0x0000000000102af7       0xeb binaries/meminit.o
                0x0000000000102af7                meminit
 .text          0x0000000000102be2      0x194 binaries/mkbufpool.o
                0x0000000000102be2                mkbufpool
 .text          0x0000000000102d76       0xbb binaries/newqueue.o
                0x0000000000102d76                newqueue
 .text          0x0000000000102e31       0x8e binaries/open.o
                0x0000000000102e31                open
 .text          0x0000000000102ebf       0x2e binaries/panic.o
                0x0000000000102ebf                panic
 .text          0x0000000000102eed      0x544 binaries/pci.o
                0x0000000000102eed                pci_init
                0x000000000010320b                find_pci_device
                0x0000000000103266                pci_bios_read_config_byte
                0x00000000001032b2                pci_bios_read_config_word
                0x0000000000103301                pci_bios_read_config_dword
                0x000000000010334d                pci_bios_write_config_byte
                0x000000000010339b                pci_bios_write_config_word
                0x00000000001033e9                pci_bios_write_config_dword
 .text.__x86.get_pc_thunk.si
                0x0000000000103431        0x4 binaries/pci.o
                0x0000000000103431                __x86.get_pc_thunk.si
 .text          0x0000000000103435      0x107 binaries/ptclear.o
                0x0000000000103435                _ptclear
 .text          0x000000000010353c       0xb1 binaries/ptcount.o
                0x000000000010353c                ptcount
 .text          0x00000000001035ed      0x136 binaries/ptcreate.o
                0x00000000001035ed                ptcreate
 .text          0x0000000000103723       0x96 binaries/ptdelete.o
                0x0000000000103723                ptdelete
 .text          0x00000000001037b9       0xd9 binaries/ptinit.o
                0x00000000001037b9                ptinit
 .text          0x0000000000103892      0x137 binaries/ptrecv.o
                0x0000000000103892                ptrecv
 .text          0x00000000001039c9       0x8b binaries/ptreset.o
                0x00000000001039c9                ptreset
 .text          0x0000000000103a54      0x15c binaries/ptsend.o
                0x0000000000103a54                ptsend
 .text          0x0000000000103bb0       0x93 binaries/putc.o
                0x0000000000103bb0                putc
 .text          0x0000000000103c43      0x130 binaries/queue.o
                0x0000000000103c43                enqueue
                0x0000000000103cf5                dequeue
 .text          0x0000000000103d73       0x8e binaries/read.o
                0x0000000000103d73                read
 .text          0x0000000000103e01       0x8a binaries/ready.o
                0x0000000000103e01                ready
 .text          0x0000000000103e8b       0x76 binaries/receive.o
                0x0000000000103e8b                receive
 .text          0x0000000000103f01       0x72 binaries/recvclr.o
                0x0000000000103f01                recvclr
 .text          0x0000000000103f73       0xd7 binaries/recvtime.o
                0x0000000000103f73                recvtime
 .text          0x000000000010404a      0x1b0 binaries/resched.o
                0x000000000010404a                resched
                0x0000000000104174                resched_cntl
 .text          0x00000000001041fa       0xc1 binaries/resume.o
                0x00000000001041fa                resume
 .text          0x00000000001042bb       0x8c binaries/seek.o
                0x00000000001042bb                seek
 .text          0x0000000000104347       0x89 binaries/semcount.o
                0x0000000000104347                semcount
 .text          0x00000000001043d0      0x102 binaries/semcreate.o
                0x00000000001043d0                semcreate
 .text          0x00000000001044d2       0xe1 binaries/semdelete.o
                0x00000000001044d2                semdelete
 .text          0x00000000001045b3       0xe5 binaries/semreset.o
                0x00000000001045b3                semreset
 .text          0x0000000000104698       0xfd binaries/send.o
                0x0000000000104698                send
 .text          0x0000000000104795       0xbc binaries/signal.o
                0x0000000000104795                signal
 .text          0x0000000000104851       0xea binaries/signaln.o
                0x0000000000104851                signaln
 .text          0x000000000010493b      0x112 binaries/sleep.o
                0x000000000010493b                sleep
                0x0000000000104995                sleepms
 .text          0x0000000000104a4d      0x1b6 binaries/stacktrace.o
                0x0000000000104a4d                stacktrace
 .text          0x0000000000104c03       0xf7 binaries/suspend.o
                0x0000000000104c03                suspend
 .text          0x0000000000104cfa      0x102 binaries/unsleep.o
                0x0000000000104cfa                unsleep
 .text          0x0000000000104dfc       0x2b binaries/userret.o
                0x0000000000104dfc                userret
 .text          0x0000000000104e27       0xf7 binaries/wait.o
                0x0000000000104e27                wait
 .text          0x0000000000104f1e       0x9a binaries/wakeup.o
                0x0000000000104f1e                wakeup
 .text          0x0000000000104fb8       0x8e binaries/write.o
                0x0000000000104fb8                write
 .text          0x0000000000105046       0x31 binaries/xdone.o
                0x0000000000105046                xdone
 .text          0x0000000000105077       0x39 binaries/yield.o
                0x0000000000105077                yield
 .text          0x00000000001050b0       0x1b binaries/abs.o
                0x00000000001050b0                abs
 .text          0x00000000001050cb       0xa1 binaries/atoi.o
                0x00000000001050cb                atoi
 .text          0x000000000010516c       0xa1 binaries/atol.o
                0x000000000010516c                atol
 .text          0x000000000010520d       0x3e binaries/bzero.o
                0x000000000010520d                bzero
 .text          0x000000000010524b        0x0 binaries/ctype_.o
 .text          0x000000000010524b      0x95a binaries/doprnt.o
                0x000000000010524b                _doprnt
 .text          0x0000000000105ba5      0x6fa binaries/doscan.o
                0x0000000000105ba5                _doscan
 .text.__x86.get_pc_thunk.di
                0x000000000010629f        0x4 binaries/doscan.o
                0x000000000010629f                __x86.get_pc_thunk.di
 .text          0x00000000001062a3      0x777 binaries/fdoprnt.o
                0x00000000001062a3                _fdoprnt
 .text          0x0000000000106a1a       0x3b binaries/fgetc.o
                0x0000000000106a1a                fgetc
 .text          0x0000000000106a55       0x86 binaries/fgets.o
                0x0000000000106a55                fgets
 .text          0x0000000000106adb       0x3e binaries/fprintf.o
                0x0000000000106adb                fprintf
 .text          0x0000000000106b19       0x3e binaries/fputc.o
                0x0000000000106b19                fputc
 .text          0x0000000000106b57       0x54 binaries/fputs.o
                0x0000000000106b57                fputs
 .text          0x0000000000106bab       0xbc binaries/fscanf.o
                0x0000000000106bab                fscanf
 .text          0x0000000000106c67       0x48 binaries/getchar.o
                0x0000000000106c67                getchar
 .text          0x0000000000106caf       0x1b binaries/labs.o
                0x0000000000106caf                labs
 .text          0x0000000000106cca       0x5c binaries/memcmp.o
                0x0000000000106cca                memcmp
 .text          0x0000000000106d26       0x49 binaries/memcpy.o
                0x0000000000106d26                memcpy
 .text          0x0000000000106d6f       0x3a binaries/memset.o
                0x0000000000106d6f                memset
 .text          0x0000000000106da9       0x5f binaries/printf.o
                0x0000000000106da9                printf
 .text          0x0000000000106e08       0x4b binaries/putchar.o
                0x0000000000106e08                putchar
 .text          0x0000000000106e53      0x2b1 binaries/qsort.o
                0x0000000000106e53                qsort
 .text          0x0000000000107104       0x83 binaries/rand.o
                0x0000000000107104                rand
                0x000000000010712a                rand_r
                0x000000000010716e                srand
 .text          0x0000000000107187       0x86 binaries/sprintf.o
                0x0000000000107187                sprintf
 .text          0x000000000010720d       0x9a binaries/sscanf.o
                0x000000000010720d                sscanf
 .text          0x00000000001072a7       0x46 binaries/strchr.o
                0x00000000001072a7                strchr
 .text          0x00000000001072ed       0x4f binaries/strcmp.o
                0x00000000001072ed                strcmp
 .text          0x000000000010733c       0x31 binaries/strcpy.o
                0x000000000010733c                strcpy
 .text          0x000000000010736d       0x32 binaries/strlen.o
                0x000000000010736d                strlen
 .text          0x000000000010739f       0x62 binaries/strncat.o
                0x000000000010739f                strncat
 .text          0x0000000000107401       0x68 binaries/strncmp.o
                0x0000000000107401                strncmp
 .text          0x0000000000107469       0x59 binaries/strncpy.o
                0x0000000000107469                strncpy
 .text          0x00000000001074c2       0x3a binaries/strnlen.o
                0x00000000001074c2                strnlen
 .text          0x00000000001074fc       0x51 binaries/strrchr.o
                0x00000000001074fc                strrchr
 .text          0x000000000010754d       0x7a binaries/strstr.o
                0x000000000010754d                strstr
 .text          0x00000000001075c7       0xfd binaries/ttycontrol.o
                0x00000000001075c7                ttycontrol
 .text          0x00000000001076c4       0xad binaries/ttygetc.o
                0x00000000001076c4                ttygetc
 .text          0x0000000000107771      0x733 binaries/ttyhandle_in.o
                0x0000000000107771                ttyhandle_in
 .text          0x0000000000107ea4      0x1c1 binaries/ttyhandle_out.o
                0x0000000000107ea4                ttyhandle_out
 .text          0x0000000000108065       0xe9 binaries/ttyhandler.o
                0x0000000000108065                ttyhandler
 .text          0x000000000010814e      0x23f binaries/ttyinit.o
                0x000000000010814e                ttyinit
 .text          0x000000000010838d       0x2d binaries/ttykickout.o
                0x000000000010838d                ttykickout
 .text          0x00000000001083ba       0xcb binaries/ttyputc.o
                0x00000000001083ba                ttyputc
 .text          0x0000000000108485      0x12d binaries/ttyread.o
                0x0000000000108485                ttyread
 .text          0x00000000001085b2       0x5e binaries/ttywrite.o
                0x00000000001085b2                ttywrite
 .text          0x0000000000108610      0x1a2 binaries/mount.o
                0x0000000000108610                mount
                0x0000000000108770                namlen
 .text          0x00000000001087b2      0x23b binaries/naminit.o
                0x00000000001087b2                naminit
 .text          0x00000000001089ed      0x249 binaries/nammap.o
                0x00000000001089ed                nammap
                0x0000000000108a8c                namrepl
                0x0000000000108bda                namcpy
 .text          0x0000000000108c36       0x5f binaries/namopen.o
                0x0000000000108c36                namopen
 .text          0x0000000000108c95      0xf39 binaries/82545EMInit.o
                0x0000000000108d16                _82545EMInit
                0x0000000000109a20                _82545EM_read_phy_reg
                0x0000000000109af3                _82545EM_write_phy_reg
 .text          0x0000000000109bce      0x293 binaries/ethcontrol.o
                0x0000000000109c4f                ethcontrol
                0x0000000000109dda                ethIrqDisable
                0x0000000000109e1c                ethIrqEnable
 .text          0x0000000000109e61      0x2a2 binaries/ethhandler.o
                0x000000000010a008                ethhandler
 .text          0x000000000010a103      0x140 binaries/ethinit.o
                0x000000000010a103                ethinit
 .text          0x000000000010a243      0x22d binaries/ethread.o
                0x000000000010a2c4                ethread
 .text          0x000000000010a470      0x1d5 binaries/ethwrite.o
                0x000000000010a4f1                ethwrite
 .text          0x000000000010a645      0x2e3 binaries/rdscomm.o
                0x000000000010a645                rdscomm
 .text          0x000000000010a928      0x22d binaries/rdscontrol.o
                0x000000000010a928                rdscontrol
 .text          0x000000000010ab55       0x5d binaries/rdsinit.o
                0x000000000010ab55                rdsinit
 .text          0x000000000010abb2      0x396 binaries/rdsopen.o
                0x000000000010abb2                rdsopen
 .text          0x000000000010af48      0x41a binaries/rdsprocess.o
                0x000000000010af48                rdsprocess
 .text          0x000000000010b362      0x669 binaries/rdsqfcns.o
                0x000000000010b362                rdqunlink
                0x000000000010b410                rdqinsert
                0x000000000010b471                rdcunlink
                0x000000000010b527                rdcinsert
                0x000000000010b617                rdqdump
                0x000000000010b81a                rdcdump
 .text          0x000000000010b9cb      0x1f9 binaries/rdsread.o
                0x000000000010b9cb                rdsread
 .text          0x000000000010bbc4       0x71 binaries/rdssetprio.o
                0x000000000010bbc4                rdssetprio
 .text          0x000000000010bc35      0x13c binaries/rdswrite.o
                0x000000000010bc35                rdswrite
 .text          0x000000000010bd71       0x14 binaries/ramclose.o
                0x000000000010bd71                ramclose
 .text          0x000000000010bd85       0x57 binaries/raminit.o
                0x000000000010bd85                raminit
 .text          0x000000000010bddc       0x14 binaries/ramopen.o
                0x000000000010bddc                ramopen
 .text          0x000000000010bdf0       0x49 binaries/ramread.o
                0x000000000010bdf0                ramread
 .text          0x000000000010be39       0x49 binaries/ramwrite.o
                0x000000000010be39                ramwrite
 .text          0x000000000010be82       0xc6 binaries/lfdballoc.o
                0x000000000010be82                lfdballoc
 .text          0x000000000010bf48       0x6e binaries/lfdbfree.o
                0x000000000010bf48                lfdbfree
 .text          0x000000000010bfb6       0xe2 binaries/lfflush.o
                0x000000000010bfb6                lfflush
 .text          0x000000000010c098       0xeb binaries/lfgetmode.o
                0x000000000010c098                lfgetmode
 .text          0x000000000010c183       0x94 binaries/lfiballoc.o
                0x000000000010c183                lfiballoc
 .text          0x000000000010c217       0x47 binaries/lfibclear.o
                0x000000000010c217                lfibclear
 .text          0x000000000010c25e       0xba binaries/lfibget.o
                0x000000000010c25e                lfibget
 .text          0x000000000010c318       0xe9 binaries/lfibput.o
                0x000000000010c318                lfibput
 .text          0x000000000010c401       0xbd binaries/lflclose.o
                0x000000000010c401                lflclose
 .text          0x000000000010c4be       0xef binaries/lflcontrol.o
                0x000000000010c4be                lflcontrol
 .text          0x000000000010c5ad      0x106 binaries/lflgetc.o
                0x000000000010c5ad                lflgetc
 .text          0x000000000010c6b3      0x102 binaries/lflinit.o
                0x000000000010c6b3                lflinit
 .text          0x000000000010c7b5      0x13c binaries/lflputc.o
                0x000000000010c7b5                lflputc
 .text          0x000000000010c8f1       0x81 binaries/lflread.o
                0x000000000010c8f1                lflread
 .text          0x000000000010c972       0xc0 binaries/lflseek.o
                0x000000000010c972                lflseek
 .text          0x000000000010ca32       0x66 binaries/lflwrite.o
                0x000000000010ca32                lflwrite
 .text          0x000000000010ca98       0x6e binaries/lfscheck.o
                0x000000000010ca98                lfscheck
 .text          0x000000000010cb06      0x192 binaries/lfsckfmt.o
                0x000000000010cb06                lfsckfmt
 .text          0x000000000010cc98      0x21b binaries/lfscreate.o
                0x000000000010cc98                lfscreate
 .text          0x000000000010ceb3      0x2a5 binaries/lfsetup.o
                0x000000000010ceb3                lfsetup
 .text          0x000000000010d158       0x67 binaries/lfsinit.o
                0x000000000010d158                lfsinit
 .text          0x000000000010d1bf      0x44d binaries/lfsopen.o
                0x000000000010d1bf                lfsopen
 .text          0x000000000010d60c      0x18c binaries/lftruncate.o
                0x000000000010d60c                lftruncate
 .text          0x000000000010d798      0x1ec binaries/rflclose.o
                0x000000000010d798                rflclose
 .text          0x000000000010d984       0x69 binaries/rflgetc.o
                0x000000000010d984                rflgetc
 .text          0x000000000010d9ed       0x88 binaries/rflinit.o
                0x000000000010d9ed                rflinit
 .text          0x000000000010da75       0x45 binaries/rflputc.o
                0x000000000010da75                rflputc
 .text          0x000000000010daba      0x3d9 binaries/rflread.o
                0x000000000010daba                rflread
 .text          0x000000000010de93       0x94 binaries/rflseek.o
                0x000000000010de93                rflseek
 .text          0x000000000010df27      0x383 binaries/rflwrite.o
                0x000000000010df27                rflwrite
 .text          0x000000000010e2aa      0x279 binaries/rfscomm.o
                0x000000000010e2aa                rfscomm
 .text          0x000000000010e523      0x2b0 binaries/rfscontrol.o
                0x000000000010e523                rfscontrol
 .text          0x000000000010e7d3       0xeb binaries/rfsgetmode.o
                0x000000000010e7d3                rfsgetmode
 .text          0x000000000010e8be       0x7b binaries/rfsinit.o
                0x000000000010e8be                rfsinit
 .text          0x000000000010e939      0x124 binaries/rfsndmsg.o
                0x000000000010e939                rfsndmsg
 .text          0x000000000010ea5d      0x2e5 binaries/rfsopen.o
                0x000000000010ea5d                rfsopen
 .text          0x000000000010ed42      0x100 binaries/pipe_close.o
                0x000000000010ed42                pipe_close
 .text          0x000000000010ee42      0x134 binaries/pipe_getc.o
                0x000000000010ee42                pipe_getc
 .text          0x000000000010ef76       0x48 binaries/pipe_init.o
                0x000000000010ef76                pipe_init
 .text          0x000000000010efbe       0xa6 binaries/pipe_open.o
                0x000000000010efbe                pipe_open
 .text          0x000000000010f064       0xc1 binaries/pipe_putc.o
                0x000000000010f064                pipe_putc
 .text          0x000000000010f125       0x79 binaries/pipe_read.o
                0x000000000010f125                pipe_read
 .text          0x000000000010f19e       0x76 binaries/pipe_write.o
                0x000000000010f19e                pipe_write
 .text          0x000000000010f214      0x8ec binaries/arp.o
                0x000000000010f214                arp_init
                0x000000000010f25b                arp_resolve
                0x000000000010f54a                arp_in
                0x000000000010f82e                arp_alloc
                0x000000000010f912                arp_ntoh
                0x000000000010fa09                arp_hton
 .text          0x000000000010fb00      0x987 binaries/dhcp.o
                0x000000000010fb00                dhcp_get_opt_val
                0x000000000010fb65                dhcp_bld_bootp_msg
                0x000000000010fc8e                dhcp_bld_disc
                0x000000000010fd7d                dhcp_bld_req
                0x000000000010fefc                getlocalip
 .text          0x0000000000110487      0x6e6 binaries/dns.o
                0x0000000000110487                dnslookup
 .text          0x0000000000110b6d       0xf0 binaries/dot2ip.o
                0x0000000000110b6d                dot2ip
 .text          0x0000000000110c5d      0x52c binaries/hexdump.o
                0x0000000000110c5d                hexdump
                0x0000000000110e2d                hexadump
 .text          0x0000000000111189      0x991 binaries/icmp.o
                0x0000000000111189                icmp_init
                0x00000000001111cf                icmp_in
                0x00000000001113f5                icmp_register
                0x0000000000111501                icmp_recv
                0x00000000001116a1                icmp_send
                0x0000000000111738                icmp_mkpkt
                0x000000000011186e                icmp_release
                0x000000000011197d                icmp_cksum
                0x0000000000111a1c                icmp_hton
                0x0000000000111a9b                icmp_ntoh
 .text          0x0000000000111b1a      0x966 binaries/ip.o
                0x0000000000111b1a                ip_in
                0x0000000000111caf                ip_send
                0x0000000000111e33                ip_local
                0x0000000000111e96                ip_out
                0x0000000000111fe0                ipcksum
                0x0000000000112072                ip_ntoh
                0x0000000000112169                ip_hton
                0x0000000000112260                ipout
                0x00000000001123b7                ip_enqueue
 .text          0x0000000000112480      0x330 binaries/net.o
                0x0000000000112480                net_init
                0x00000000001125d7                netin
                0x00000000001126a8                eth_hton
                0x00000000001126dd                eth_ntoh
                0x0000000000112712                getport
 .text          0x00000000001127b0     0x15cf binaries/pdump.o
                0x00000000001127b0                pdump
                0x0000000000113627                pdumph
 .text          0x0000000000113d7f      0x662 binaries/tftp.o
                0x0000000000113d7f                tftp_send1
                0x0000000000113f14                tftpget
                0x0000000000113f52                tftpget_mb
 .text          0x00000000001143e1      0xc29 binaries/udp.o
                0x00000000001143e1                udp_init
                0x0000000000114427                udp_in
                0x000000000011457c                udp_register
                0x00000000001146cc                udp_recv
                0x000000000011487d                udp_recvaddr
                0x0000000000114a46                udp_send
                0x0000000000114c3e                udp_sendto
                0x0000000000114dfe                udp_release
                0x0000000000114f0c                udp_ntoh
                0x0000000000114f8b                udp_hton
 .text          0x000000000011500a      0x19b binaries/addargs.o
                0x000000000011500a                addargs
 .text          0x00000000001151a5      0x32d binaries/lexan.o
                0x00000000001151a5                lexan
 .text          0x00000000001154d2      0x997 binaries/shell.o
                0x00000000001154d2                cmdlookup
                0x0000000000115547                shell
 .text          0x0000000000115e69       0x80 binaries/xsh_argecho.o
                0x0000000000115e69                xsh_argecho
 .text          0x0000000000115ee9      0x2d0 binaries/xsh_arp.o
                0x0000000000115ee9                xsh_arp
 .text          0x00000000001161b9      0x2ae binaries/xsh_cat.o
                0x00000000001161b9                xsh_cat
 .text          0x0000000000116467       0x7a binaries/xsh_clear.o
                0x0000000000116467                xsh_clear
 .text          0x00000000001164e1      0x354 binaries/xsh_date.o
                0x00000000001164e1                xsh_date
 .text          0x0000000000116835       0xcd binaries/xsh_devdump.o
                0x0000000000116835                xsh_devdump
 .text          0x0000000000116902       0x89 binaries/xsh_echo.o
                0x0000000000116902                xsh_echo
 .text          0x000000000011698b       0x14 binaries/xsh_exit.o
                0x000000000011698b                xsh_exit
 .text          0x000000000011699f      0x3b0 binaries/xsh_help.o
                0x000000000011699f                xsh_help
 .text          0x0000000000116d4f      0x287 binaries/xsh_kill.o
                0x0000000000116d4f                xsh_kill
 .text          0x0000000000116fd6      0x5cb binaries/xsh_ls.o
                0x0000000000116fd6                xsh_ls
 .text          0x00000000001175a1      0x5af binaries/xsh_memdump.o
                0x00000000001175a1                xsh_memdump
 .text          0x0000000000117b50      0x31c binaries/xsh_memstat.o
                0x0000000000117b50                xsh_memstat
 .text          0x0000000000117e6c      0x60d binaries/xsh_netinfo.o
                0x0000000000117e6c                xsh_netinfo
 .text          0x0000000000118479      0x665 binaries/xsh_ns.o
                0x0000000000118479                xsh_ns
 .text          0x0000000000118ade      0x41a binaries/xsh_ping.o
                0x0000000000118ade                xsh_ping
 .text          0x0000000000118ef8      0x27c binaries/xsh_ps.o
                0x0000000000118ef8                xsh_ps
 .text          0x0000000000119174      0x265 binaries/xsh_sleep.o
                0x0000000000119174                xsh_sleep
 .text          0x00000000001193d9      0x2a4 binaries/xsh_tee.o
                0x00000000001193d9                xsh_tee
 .text          0x000000000011967d      0x2d8 binaries/xsh_udpdump.o
                0x000000000011967d                xsh_udpdump
 .text          0x0000000000119955      0x606 binaries/xsh_udpecho.o
                0x0000000000119955                xsh_udpecho
 .text          0x0000000000119f5b      0x2fb binaries/xsh_udpserver.o
                0x0000000000119f5b                xsh_udpeserver
 .text          0x000000000011a256      0x230 binaries/xsh_uptime.o
                0x000000000011a256                xsh_uptime
 .text          0x000000000011a486        0xe binaries/clkdisp.o
                0x000000000011a486                clkdisp
 .text          0x000000000011a494       0x19 binaries/ctxsw.o
                0x000000000011a494                ctxsw
 .text          0x000000000011a4ad      0x368 binaries/intr.o
                0x000000000011a4ad                disable
                0x000000000011a4b6                restore
                0x000000000011a4c4                enable
                0x000000000011a4c6                pause
                0x000000000011a4cd                halt
                0x000000000011a4d0                spurious_irq7
                0x000000000011a4d5                spurious_irq15
                0x000000000011a4e4                _Xint0
                0x000000000011a4ef                _Xint1
                0x000000000011a4fa                _Xint2
                0x000000000011a505                _Xint3
                0x000000000011a510                _Xint4
                0x000000000011a51b                _Xint5
                0x000000000011a526                _Xint6
                0x000000000011a531                _Xint7
                0x000000000011a53c                _Xint8
                0x000000000011a547                _Xint9
                0x000000000011a552                _Xint10
                0x000000000011a55d                _Xint11
                0x000000000011a56b                _Xint12
                0x000000000011a579                _Xint13
                0x000000000011a587                _Xint14
                0x000000000011a595                _Xint15
                0x000000000011a5a3                _Xint16
                0x000000000011a5b1                _Xint17
                0x000000000011a5bf                _Xint18
                0x000000000011a5cd                _Xint19
                0x000000000011a5db                _Xint20
                0x000000000011a5e9                _Xint21
                0x000000000011a5f7                _Xint22
                0x000000000011a605                _Xint23
                0x000000000011a613                _Xint24
                0x000000000011a621                _Xint25
                0x000000000011a62f                _Xint26
                0x000000000011a63d                _Xint27
                0x000000000011a64b                _Xint28
                0x000000000011a659                _Xint29
                0x000000000011a667                _Xint30
                0x000000000011a675                _Xint31
                0x000000000011a683                _Xint32
                0x000000000011a691                _Xint33
                0x000000000011a69f                _Xint34
                0x000000000011a6ad                _Xint35
                0x000000000011a6bb                _Xint36
                0x000000000011a6c9                _Xint37
                0x000000000011a6d7                _Xint38
                0x000000000011a6e5                _Xint39
                0x000000000011a6f3                _Xint40
                0x000000000011a701                _Xint41
                0x000000000011a70f                _Xint42
                0x000000000011a71d                _Xint43
                0x000000000011a72b                _Xint44
                0x000000000011a739                _Xint45
                0x000000000011a747                _Xint46
                0x000000000011a755                defevec
 .text          0x000000000011a815        0xf binaries/ttydispatch.o
                0x000000000011a815                ttydispatch
 .text          0x000000000011a824       0x13 binaries/ethdispatch.o
                0x000000000011a824                ethdispatch
 *(.rodata .rodata.*)
 *fill*         0x000000000011a837        0x1 
 .rodata        0x000000000011a838       0x8e binaries/ascdate.o
 .rodata        0x000000000011a8c6       0xef binaries/conf.o
 *fill*         0x000000000011a9b5        0x3 
 .rodata        0x000000000011a9b8      0x22f binaries/evec.o
 *fill*         0x000000000011abe7        0x1 
 .rodata        0x000000000011abe8       0x61 binaries/getutime.o
 *fill*         0x000000000011ac49        0x3 
 .rodata        0x000000000011ac4c       0x90 binaries/i386.o
 .rodata        0x000000000011acdc      0x183 binaries/initialize.o
 *fill*         0x000000000011ae5f        0x1 
 .rodata        0x000000000011ae60       0x20 binaries/kill.o
 .rodata        0x000000000011ae80       0x2e binaries/main.o
 .rodata        0x000000000011aeae        0xf binaries/panic.o
 *fill*         0x000000000011aebd        0x3 
 .rodata        0x000000000011aec0      0x1ec binaries/pci.o
 .rodata        0x000000000011b0ac       0x1d binaries/ptinit.o
 *fill*         0x000000000011b0c9        0x3 
 .rodata        0x000000000011b0cc       0x25 binaries/ptsend.o
 *fill*         0x000000000011b0f1        0x3 
 .rodata        0x000000000011b0f4       0xb7 binaries/stacktrace.o
 *fill*         0x000000000011b1ab        0x1 
 .rodata        0x000000000011b1ac       0x27 binaries/xdone.o
 *fill*         0x000000000011b1d3        0xd 
 .rodata        0x000000000011b1e0       0x81 binaries/ctype_.o
                0x000000000011b1e0                _ctype_
 *fill*         0x000000000011b261        0x3 
 .rodata        0x000000000011b264       0xee binaries/doprnt.o
 *fill*         0x000000000011b352        0x2 
 .rodata        0x000000000011b354       0xae binaries/fdoprnt.o
 *fill*         0x000000000011b402        0x2 
 .rodata        0x000000000011b404       0x20 binaries/ttycontrol.o
 .rodata        0x000000000011b424       0x34 binaries/ttyhandler.o
 .rodata        0x000000000011b458       0x14 binaries/mount.o
 .rodata        0x000000000011b46c       0x82 binaries/naminit.o
 *fill*         0x000000000011b4ee        0x2 
 .rodata        0x000000000011b4f0       0x2e binaries/82545EMInit.o
 *fill*         0x000000000011b51e        0x2 
 .rodata        0x000000000011b520       0x78 binaries/ethinit.o
 .rodata        0x000000000011b598       0x18 binaries/ethread.o
 .rodata        0x000000000011b5b0       0x76 binaries/rdscomm.o
 *fill*         0x000000000011b626        0x2 
 .rodata        0x000000000011b628       0x21 binaries/rdscontrol.o
 *fill*         0x000000000011b649        0x3 
 .rodata        0x000000000011b64c       0xae binaries/rdsopen.o
 *fill*         0x000000000011b6fa        0x2 
 .rodata        0x000000000011b6fc       0x3e binaries/rdsprocess.o
 *fill*         0x000000000011b73a        0x2 
 .rodata        0x000000000011b73c       0xe2 binaries/rdsqfcns.o
 .rodata        0x000000000011b81e        0x9 binaries/raminit.o
 *fill*         0x000000000011b827        0x1 
 .rodata        0x000000000011b828       0x36 binaries/lfdballoc.o
 .rodata        0x000000000011b85e       0x14 binaries/lfiballoc.o
 *fill*         0x000000000011b872        0x2 
 .rodata        0x000000000011b874       0x22 binaries/lflcontrol.o
 *fill*         0x000000000011b896        0x2 
 .rodata        0x000000000011b898      0x118 binaries/lfsckfmt.o
 .rodata        0x000000000011b9b0       0x66 binaries/lfsopen.o
 *fill*         0x000000000011ba16        0x2 
 .rodata        0x000000000011ba18       0x21 binaries/rflclose.o
 *fill*         0x000000000011ba39        0x3 
 .rodata        0x000000000011ba3c       0x21 binaries/rflread.o
 *fill*         0x000000000011ba5d        0x3 
 .rodata        0x000000000011ba60       0x21 binaries/rflwrite.o
 *fill*         0x000000000011ba81        0x3 
 .rodata        0x000000000011ba84       0xa1 binaries/rfscomm.o
 *fill*         0x000000000011bb25        0x3 
 .rodata        0x000000000011bb28       0x3c binaries/rfscontrol.o
 .rodata        0x000000000011bb64       0x2b binaries/rfsinit.o
 *fill*         0x000000000011bb8f        0x1 
 .rodata        0x000000000011bb90       0x2a binaries/rfsndmsg.o
 *fill*         0x000000000011bbba        0x2 
 .rodata        0x000000000011bbbc       0x21 binaries/rfsopen.o
 *fill*         0x000000000011bbdd        0x3 
 .rodata        0x000000000011bbe0       0x3a binaries/arp.o
 *fill*         0x000000000011bc1a        0x2 
 .rodata        0x000000000011bc1c       0xcf binaries/dhcp.o
 .rodata        0x000000000011bceb       0x24 binaries/dns.o
 *fill*         0x000000000011bd0f        0x1 
 .rodata        0x000000000011bd10       0xc9 binaries/hexdump.o
 *fill*         0x000000000011bdd9        0x3 
 .rodata        0x000000000011bddc       0x29 binaries/icmp.o
 *fill*         0x000000000011be05        0x3 
 .rodata        0x000000000011be08       0x52 binaries/ip.o
 *fill*         0x000000000011be5a        0x2 
 .rodata        0x000000000011be5c       0x4f binaries/net.o
 *fill*         0x000000000011beab        0x1 
 .rodata        0x000000000011beac      0x26f binaries/pdump.o
 *fill*         0x000000000011c11b        0x1 
 .rodata        0x000000000011c11c      0x154 binaries/tftp.o
 .rodata        0x000000000011c270      0x59f binaries/shell.o
 .rodata        0x000000000011c80f       0x28 binaries/xsh_argecho.o
 *fill*         0x000000000011c837        0x1 
 .rodata        0x000000000011c838      0x123 binaries/xsh_arp.o
 *fill*         0x000000000011c95b        0x1 
 .rodata        0x000000000011c95c       0xc9 binaries/xsh_cat.o
 .rodata        0x000000000011ca25       0x19 binaries/xsh_clear.o
 *fill*         0x000000000011ca3e        0x2 
 .rodata        0x000000000011ca40      0x1c3 binaries/xsh_date.o
 .rodata        0x000000000011cc03       0x5d binaries/xsh_devdump.o
 .rodata        0x000000000011cc60        0x9 binaries/xsh_echo.o
 *fill*         0x000000000011cc69        0x3 
 .rodata        0x000000000011cc6c      0x169 binaries/xsh_help.o
 *fill*         0x000000000011cdd5        0x3 
 .rodata        0x000000000011cdd8      0x12e binaries/xsh_kill.o
 *fill*         0x000000000011cf06        0x2 
 .rodata        0x000000000011cf08      0x190 binaries/xsh_ls.o
 .rodata        0x000000000011d098      0x266 binaries/xsh_memdump.o
 *fill*         0x000000000011d2fe        0x2 
 .rodata        0x000000000011d300      0x225 binaries/xsh_memstat.o
 *fill*         0x000000000011d525        0x3 
 .rodata        0x000000000011d528      0x1b0 binaries/xsh_netinfo.o
 .rodata        0x000000000011d6d8      0x301 binaries/xsh_ns.o
 *fill*         0x000000000011d9d9        0x3 
 .rodata        0x000000000011d9dc      0x19d binaries/xsh_ping.o
 *fill*         0x000000000011db79        0x3 
 .rodata        0x000000000011db7c      0x1a8 binaries/xsh_ps.o
 .rodata        0x000000000011dd24       0xeb binaries/xsh_sleep.o
 *fill*         0x000000000011de0f        0x1 
 .rodata        0x000000000011de10       0x94 binaries/xsh_tee.o
 .rodata        0x000000000011dea4      0x1b8 binaries/xsh_udpdump.o
 .rodata        0x000000000011e05c      0x27d binaries/xsh_udpecho.o
 *fill*         0x000000000011e2d9        0x3 
 .rodata        0x000000000011e2dc      0x12b binaries/xsh_udpserver.o
 *fill*         0x000000000011e407        0x1 
 .rodata        0x000000000011e408      0x105 binaries/xsh_uptime.o
                0x000000000011e50d                etext = ABSOLUTE (.)
                0x000000000011f000                . = ALIGN (0x1000)
 *fill*         0x000000000011e50d      0xaf3 

.eh_frame       0x000000000011f000     0x367c
 .eh_frame      0x000000000011f000       0x54 binaries/ascdate.o
 .eh_frame      0x000000000011f054       0x34 binaries/bufinit.o
                                         0x4c (size before relaxing)
 .eh_frame      0x000000000011f088       0x3c binaries/chprio.o
                                         0x54 (size before relaxing)
 .eh_frame      0x000000000011f0c4       0x24 binaries/clkhandler.o
                                         0x50 (size before relaxing)
 .eh_frame      0x000000000011f0e8       0x28 binaries/clkinit.o
                                         0x54 (size before relaxing)
 .eh_frame      0x000000000011f110       0x28 binaries/close.o
                                         0x54 (size before relaxing)
 .eh_frame      0x000000000011f138       0x28 binaries/control.o
                                         0x54 (size before relaxing)
 .eh_frame      0x000000000011f160       0x4c binaries/create.o
                                         0x8c (size before relaxing)
 .eh_frame      0x000000000011f1ac       0x74 binaries/evec.o
                                         0xb4 (size before relaxing)
 .eh_frame      0x000000000011f220       0x24 binaries/exit.o
                                         0x50 (size before relaxing)
 .eh_frame      0x000000000011f244       0x28 binaries/freebuf.o
                                         0x54 (size before relaxing)
 .eh_frame      0x000000000011f26c       0x28 binaries/freemem.o
                                         0x54 (size before relaxing)
 .eh_frame      0x000000000011f294       0x28 binaries/getbuf.o
                                         0x54 (size before relaxing)
 .eh_frame      0x000000000011f2bc       0x28 binaries/getc.o
                                         0x54 (size before relaxing)
 .eh_frame      0x000000000011f2e4       0x28 binaries/getdev.o
                                         0x54 (size before relaxing)
 .eh_frame      0x000000000011f30c       0x80 binaries/getitem.o
                                         0xac (size before relaxing)
 .eh_frame      0x000000000011f38c       0x28 binaries/getmem.o
                                         0x54 (size before relaxing)
 .eh_frame      0x000000000011f3b4       0x20 binaries/getpid.o
                                         0x4c (size before relaxing)
 .eh_frame      0x000000000011f3d4       0x28 binaries/getprio.o
                                         0x54 (size before relaxing)
 .eh_frame      0x000000000011f3fc       0x28 binaries/getstk.o
                                         0x54 (size before relaxing)
 .eh_frame      0x000000000011f424       0x20 binaries/getticks.o
                                         0x4c (size before relaxing)
 .eh_frame      0x000000000011f444       0x28 binaries/gettime.o
                                         0x54 (size before relaxing)
 .eh_frame      0x000000000011f46c       0x28 binaries/getutime.o
                                         0x54 (size before relaxing)
 .eh_frame      0x000000000011f494       0xa8 binaries/i386.o
                                         0xd4 (size before relaxing)
 .eh_frame      0x000000000011f53c       0x28 binaries/init.o
                                         0x54 (size before relaxing)
 .eh_frame      0x000000000011f564       0xac binaries/initialize.o
                                         0xec (size before relaxing)
 .eh_frame      0x000000000011f610       0x24 binaries/insert.o
                                         0x50 (size before relaxing)
 .eh_frame      0x000000000011f634       0x28 binaries/insertd.o
                                         0x54 (size before relaxing)
 .eh_frame      0x000000000011f65c       0x20 binaries/ioerr.o
                                         0x4c (size before relaxing)
 .eh_frame      0x000000000011f67c       0x20 binaries/ionull.o
                                         0x4c (size before relaxing)
 .eh_frame      0x000000000011f69c       0x2c binaries/kill.o
                                         0x58 (size before relaxing)
 .eh_frame      0x000000000011f6c8       0x74 binaries/kprintf.o
                                         0xb4 (size before relaxing)
 .eh_frame      0x000000000011f73c       0x28 binaries/main.o
                                         0x54 (size before relaxing)
 .eh_frame      0x000000000011f764       0x4c binaries/mark.o
                                         0x78 (size before relaxing)
 .eh_frame      0x000000000011f7b0       0x24 binaries/meminit.o
                                         0x50 (size before relaxing)
 .eh_frame      0x000000000011f7d4       0x28 binaries/mkbufpool.o
                                         0x54 (size before relaxing)
 .eh_frame      0x000000000011f7fc       0x24 binaries/newqueue.o
                                         0x50 (size before relaxing)
 .eh_frame      0x000000000011f820       0x28 binaries/open.o
                                         0x54 (size before relaxing)
 .eh_frame      0x000000000011f848       0x1c binaries/panic.o
                                         0x48 (size before relaxing)
 .eh_frame      0x000000000011f864      0x1f0 binaries/pci.o
                                        0x244 (size before relaxing)
 .eh_frame      0x000000000011fa54       0x28 binaries/ptclear.o
                                         0x54 (size before relaxing)
 .eh_frame      0x000000000011fa7c       0x28 binaries/ptcount.o
                                         0x54 (size before relaxing)
 .eh_frame      0x000000000011faa4       0x28 binaries/ptcreate.o
                                         0x54 (size before relaxing)
 .eh_frame      0x000000000011facc       0x28 binaries/ptdelete.o
                                         0x54 (size before relaxing)
 .eh_frame      0x000000000011faf4       0x28 binaries/ptinit.o
                                         0x54 (size before relaxing)
 .eh_frame      0x000000000011fb1c       0x28 binaries/ptrecv.o
                                         0x54 (size before relaxing)
 .eh_frame      0x000000000011fb44       0x28 binaries/ptreset.o
                                         0x54 (size before relaxing)
 .eh_frame      0x000000000011fb6c       0x28 binaries/ptsend.o
                                         0x54 (size before relaxing)
 .eh_frame      0x000000000011fb94       0x28 binaries/putc.o
                                         0x54 (size before relaxing)
 .eh_frame      0x000000000011fbbc       0x4c binaries/queue.o
                                         0x8c (size before relaxing)
 .eh_frame      0x000000000011fc08       0x28 binaries/read.o
                                         0x54 (size before relaxing)
 .eh_frame      0x000000000011fc30       0x28 binaries/ready.o
                                         0x54 (size before relaxing)
 .eh_frame      0x000000000011fc58       0x28 binaries/receive.o
                                         0x54 (size before relaxing)
 .eh_frame      0x000000000011fc80       0x28 binaries/recvclr.o
                                         0x54 (size before relaxing)
 .eh_frame      0x000000000011fca8       0x28 binaries/recvtime.o
                                         0x54 (size before relaxing)
 .eh_frame      0x000000000011fcd0       0x4c binaries/resched.o
                                         0x8c (size before relaxing)
 .eh_frame      0x000000000011fd1c       0x28 binaries/resume.o
                                         0x54 (size before relaxing)
 .eh_frame      0x000000000011fd44       0x28 binaries/seek.o
                                         0x54 (size before relaxing)
 .eh_frame      0x000000000011fd6c       0x28 binaries/semcount.o
                                         0x54 (size before relaxing)
 .eh_frame      0x000000000011fd94       0x4c binaries/semcreate.o
                                         0x8c (size before relaxing)
 .eh_frame      0x000000000011fde0       0x28 binaries/semdelete.o
                                         0x54 (size before relaxing)
 .eh_frame      0x000000000011fe08       0x28 binaries/semreset.o
                                         0x54 (size before relaxing)
 .eh_frame      0x000000000011fe30       0x28 binaries/send.o
                                         0x54 (size before relaxing)
 .eh_frame      0x000000000011fe58       0x28 binaries/signal.o
                                         0x54 (size before relaxing)
 .eh_frame      0x000000000011fe80       0x28 binaries/signaln.o
                                         0x54 (size before relaxing)
 .eh_frame      0x000000000011fea8       0x4c binaries/sleep.o
                                         0x8c (size before relaxing)
 .eh_frame      0x000000000011fef4       0x28 binaries/stacktrace.o
                                         0x54 (size before relaxing)
 .eh_frame      0x000000000011ff1c       0x28 binaries/suspend.o
                                         0x54 (size before relaxing)
 .eh_frame      0x000000000011ff44       0x28 binaries/unsleep.o
                                         0x54 (size before relaxing)
 .eh_frame      0x000000000011ff6c       0x24 binaries/userret.o
                                         0x50 (size before relaxing)
 .eh_frame      0x000000000011ff90       0x28 binaries/wait.o
                                         0x54 (size before relaxing)
 .eh_frame      0x000000000011ffb8       0x28 binaries/wakeup.o
                                         0x54 (size before relaxing)
 .eh_frame      0x000000000011ffe0       0x28 binaries/write.o
                                         0x54 (size before relaxing)
 .eh_frame      0x0000000000120008       0x24 binaries/xdone.o
                                         0x50 (size before relaxing)
 .eh_frame      0x000000000012002c       0x24 binaries/yield.o
                                         0x50 (size before relaxing)
 .eh_frame      0x0000000000120050       0x20 binaries/abs.o
                                         0x4c (size before relaxing)
 .eh_frame      0x0000000000120070       0x24 binaries/atoi.o
                                         0x50 (size before relaxing)
 .eh_frame      0x0000000000120094       0x24 binaries/atol.o
                                         0x50 (size before relaxing)
 .eh_frame      0x00000000001200b8       0x20 binaries/bzero.o
                                         0x4c (size before relaxing)
 .eh_frame      0x00000000001200d8      0x100 binaries/doprnt.o
                                        0x154 (size before relaxing)
 .eh_frame      0x00000000001201d8       0xc8 binaries/doscan.o
                                         0xf4 (size before relaxing)
 .eh_frame      0x00000000001202a0       0xdc binaries/fdoprnt.o
                                        0x11c (size before relaxing)
 .eh_frame      0x000000000012037c       0x24 binaries/fgetc.o
                                         0x50 (size before relaxing)
 .eh_frame      0x00000000001203a0       0x28 binaries/fgets.o
                                         0x54 (size before relaxing)
 .eh_frame      0x00000000001203c8       0x24 binaries/fprintf.o
                                         0x50 (size before relaxing)
 .eh_frame      0x00000000001203ec       0x24 binaries/fputc.o
                                         0x50 (size before relaxing)
 .eh_frame      0x0000000000120410       0x28 binaries/fputs.o
                                         0x54 (size before relaxing)
 .eh_frame      0x0000000000120438       0x6c binaries/fscanf.o
                                         0x98 (size before relaxing)
 .eh_frame      0x00000000001204a4       0x24 binaries/getchar.o
                                         0x50 (size before relaxing)
 .eh_frame      0x00000000001204c8       0x20 binaries/labs.o
                                         0x4c (size before relaxing)
 .eh_frame      0x00000000001204e8       0x24 binaries/memcmp.o
                                         0x50 (size before relaxing)
 .eh_frame      0x000000000012050c       0x24 binaries/memcpy.o
                                         0x50 (size before relaxing)
 .eh_frame      0x0000000000120530       0x24 binaries/memset.o
                                         0x50 (size before relaxing)
 .eh_frame      0x0000000000120554       0x28 binaries/printf.o
                                         0x54 (size before relaxing)
 .eh_frame      0x000000000012057c       0x28 binaries/putchar.o
                                         0x54 (size before relaxing)
 .eh_frame      0x00000000001205a4       0xa4 binaries/qsort.o
                                         0xd0 (size before relaxing)
 .eh_frame      0x0000000000120648       0x60 binaries/rand.o
                                         0x8c (size before relaxing)
 .eh_frame      0x00000000001206a8       0x48 binaries/sprintf.o
                                         0x74 (size before relaxing)
 .eh_frame      0x00000000001206f0       0x64 binaries/sscanf.o
                                         0x90 (size before relaxing)
 .eh_frame      0x0000000000120754       0x20 binaries/strchr.o
                                         0x4c (size before relaxing)
 .eh_frame      0x0000000000120774       0x20 binaries/strcmp.o
                                         0x4c (size before relaxing)
 .eh_frame      0x0000000000120794       0x20 binaries/strcpy.o
                                         0x4c (size before relaxing)
 .eh_frame      0x00000000001207b4       0x20 binaries/strlen.o
                                         0x4c (size before relaxing)
 .eh_frame      0x00000000001207d4       0x24 binaries/strncat.o
                                         0x50 (size before relaxing)
 .eh_frame      0x00000000001207f8       0x20 binaries/strncmp.o
                                         0x4c (size before relaxing)
 .eh_frame      0x0000000000120818       0x28 binaries/strncpy.o
                                         0x54 (size before relaxing)
 .eh_frame      0x0000000000120840       0x20 binaries/strnlen.o
                                         0x4c (size before relaxing)
 .eh_frame      0x0000000000120860       0x24 binaries/strrchr.o
                                         0x50 (size before relaxing)
 .eh_frame      0x0000000000120884       0x24 binaries/strstr.o
                                         0x50 (size before relaxing)
 .eh_frame      0x00000000001208a8       0x28 binaries/ttycontrol.o
                                         0x54 (size before relaxing)
 .eh_frame      0x00000000001208d0       0x28 binaries/ttygetc.o
                                         0x54 (size before relaxing)
 .eh_frame      0x00000000001208f8       0x98 binaries/ttyhandle_in.o
                                         0xec (size before relaxing)
 .eh_frame      0x0000000000120990       0x28 binaries/ttyhandle_out.o
                                         0x54 (size before relaxing)
 .eh_frame      0x00000000001209b8       0x28 binaries/ttyhandler.o
                                         0x54 (size before relaxing)
 .eh_frame      0x00000000001209e0       0x28 binaries/ttyinit.o
                                         0x54 (size before relaxing)
 .eh_frame      0x0000000000120a08       0x24 binaries/ttykickout.o
                                         0x50 (size before relaxing)
 .eh_frame      0x0000000000120a2c       0x28 binaries/ttyputc.o
                                         0x54 (size before relaxing)
 .eh_frame      0x0000000000120a54       0x28 binaries/ttyread.o
                                         0x54 (size before relaxing)
 .eh_frame      0x0000000000120a7c       0x28 binaries/ttywrite.o
                                         0x54 (size before relaxing)
 .eh_frame      0x0000000000120aa4       0x48 binaries/mount.o
                                         0x88 (size before relaxing)
 .eh_frame      0x0000000000120aec       0x28 binaries/naminit.o
                                         0x54 (size before relaxing)
 .eh_frame      0x0000000000120b14       0x74 binaries/nammap.o
                                         0xb4 (size before relaxing)
 .eh_frame      0x0000000000120b88       0x28 binaries/namopen.o
                                         0x54 (size before relaxing)
 .eh_frame      0x0000000000120bb0      0x168 binaries/82545EMInit.o
                                        0x1a8 (size before relaxing)
 .eh_frame      0x0000000000120d18       0xb4 binaries/ethcontrol.o
                                        0x108 (size before relaxing)
 .eh_frame      0x0000000000120dcc       0x9c binaries/ethhandler.o
                                         0xdc (size before relaxing)
 .eh_frame      0x0000000000120e68       0x28 binaries/ethinit.o
                                         0x54 (size before relaxing)
 .eh_frame      0x0000000000120e90       0x70 binaries/ethread.o
                                         0x9c (size before relaxing)
 .eh_frame      0x0000000000120f00       0x70 binaries/ethwrite.o
                                         0x9c (size before relaxing)
 .eh_frame      0x0000000000120f70       0x28 binaries/rdscomm.o
                                         0x54 (size before relaxing)
 .eh_frame      0x0000000000120f98       0x28 binaries/rdscontrol.o
                                         0x54 (size before relaxing)
 .eh_frame      0x0000000000120fc0       0x24 binaries/rdsinit.o
                                         0x50 (size before relaxing)
 .eh_frame      0x0000000000120fe4       0x28 binaries/rdsopen.o
                                         0x54 (size before relaxing)
 .eh_frame      0x000000000012100c       0x1c binaries/rdsprocess.o
                                         0x48 (size before relaxing)
 .eh_frame      0x0000000000121028       0xe4 binaries/rdsqfcns.o
                                        0x124 (size before relaxing)
 .eh_frame      0x000000000012110c       0x28 binaries/rdsread.o
                                         0x54 (size before relaxing)
 .eh_frame      0x0000000000121134       0x28 binaries/rdssetprio.o
                                         0x54 (size before relaxing)
 .eh_frame      0x000000000012115c       0x28 binaries/rdswrite.o
                                         0x54 (size before relaxing)
 .eh_frame      0x0000000000121184       0x20 binaries/ramclose.o
                                         0x4c (size before relaxing)
 .eh_frame      0x00000000001211a4       0x28 binaries/raminit.o
                                         0x54 (size before relaxing)
 .eh_frame      0x00000000001211cc       0x20 binaries/ramopen.o
                                         0x4c (size before relaxing)
 .eh_frame      0x00000000001211ec       0x28 binaries/ramread.o
                                         0x54 (size before relaxing)
 .eh_frame      0x0000000000121214       0x28 binaries/ramwrite.o
                                         0x54 (size before relaxing)
 .eh_frame      0x000000000012123c       0x28 binaries/lfdballoc.o
                                         0x54 (size before relaxing)
 .eh_frame      0x0000000000121264       0x28 binaries/lfdbfree.o
                                         0x54 (size before relaxing)
 .eh_frame      0x000000000012128c       0x28 binaries/lfflush.o
                                         0x54 (size before relaxing)
 .eh_frame      0x00000000001212b4       0x24 binaries/lfgetmode.o
                                         0x50 (size before relaxing)
 .eh_frame      0x00000000001212d8       0x28 binaries/lfiballoc.o
                                         0x54 (size before relaxing)
 .eh_frame      0x0000000000121300       0x24 binaries/lfibclear.o
                                         0x50 (size before relaxing)
 .eh_frame      0x0000000000121324       0x28 binaries/lfibget.o
                                         0x54 (size before relaxing)
 .eh_frame      0x000000000012134c       0x28 binaries/lfibput.o
                                         0x54 (size before relaxing)
 .eh_frame      0x0000000000121374       0x28 binaries/lflclose.o
                                         0x54 (size before relaxing)
 .eh_frame      0x000000000012139c       0x28 binaries/lflcontrol.o
                                         0x54 (size before relaxing)
 .eh_frame      0x00000000001213c4       0x28 binaries/lflgetc.o
                                         0x54 (size before relaxing)
 .eh_frame      0x00000000001213ec       0x28 binaries/lflinit.o
                                         0x54 (size before relaxing)
 .eh_frame      0x0000000000121414       0x28 binaries/lflputc.o
                                         0x54 (size before relaxing)
 .eh_frame      0x000000000012143c       0x28 binaries/lflread.o
                                         0x54 (size before relaxing)
 .eh_frame      0x0000000000121464       0x28 binaries/lflseek.o
                                         0x54 (size before relaxing)
 .eh_frame      0x000000000012148c       0x28 binaries/lflwrite.o
                                         0x54 (size before relaxing)
 .eh_frame      0x00000000001214b4       0x24 binaries/lfscheck.o
                                         0x50 (size before relaxing)
 .eh_frame      0x00000000001214d8       0x28 binaries/lfsckfmt.o
                                         0x54 (size before relaxing)
 .eh_frame      0x0000000000121500       0x28 binaries/lfscreate.o
                                         0x54 (size before relaxing)
 .eh_frame      0x0000000000121528       0x28 binaries/lfsetup.o
                                         0x54 (size before relaxing)
 .eh_frame      0x0000000000121550       0x28 binaries/lfsinit.o
                                         0x54 (size before relaxing)
 .eh_frame      0x0000000000121578       0x28 binaries/lfsopen.o
                                         0x54 (size before relaxing)
 .eh_frame      0x00000000001215a0       0x28 binaries/lftruncate.o
                                         0x54 (size before relaxing)
 .eh_frame      0x00000000001215c8       0x28 binaries/rflclose.o
                                         0x54 (size before relaxing)
 .eh_frame      0x00000000001215f0       0x28 binaries/rflgetc.o
                                         0x54 (size before relaxing)
 .eh_frame      0x0000000000121618       0x24 binaries/rflinit.o
                                         0x50 (size before relaxing)
 .eh_frame      0x000000000012163c       0x24 binaries/rflputc.o
                                         0x50 (size before relaxing)
 .eh_frame      0x0000000000121660       0x28 binaries/rflread.o
                                         0x54 (size before relaxing)
 .eh_frame      0x0000000000121688       0x28 binaries/rflseek.o
                                         0x54 (size before relaxing)
 .eh_frame      0x00000000001216b0       0x28 binaries/rflwrite.o
                                         0x54 (size before relaxing)
 .eh_frame      0x00000000001216d8       0x28 binaries/rfscomm.o
                                         0x54 (size before relaxing)
 .eh_frame      0x0000000000121700       0x28 binaries/rfscontrol.o
                                         0x54 (size before relaxing)
 .eh_frame      0x0000000000121728       0x24 binaries/rfsgetmode.o
                                         0x50 (size before relaxing)
 .eh_frame      0x000000000012174c       0x28 binaries/rfsinit.o
                                         0x54 (size before relaxing)
 .eh_frame      0x0000000000121774       0x28 binaries/rfsndmsg.o
                                         0x54 (size before relaxing)
 .eh_frame      0x000000000012179c       0x28 binaries/rfsopen.o
                                         0x54 (size before relaxing)
 .eh_frame      0x00000000001217c4       0x28 binaries/pipe_close.o
                                         0x54 (size before relaxing)
 .eh_frame      0x00000000001217ec       0x28 binaries/pipe_getc.o
                                         0x54 (size before relaxing)
 .eh_frame      0x0000000000121814       0x24 binaries/pipe_init.o
                                         0x50 (size before relaxing)
 .eh_frame      0x0000000000121838       0x28 binaries/pipe_open.o
                                         0x54 (size before relaxing)
 .eh_frame      0x0000000000121860       0x28 binaries/pipe_putc.o
                                         0x54 (size before relaxing)
 .eh_frame      0x0000000000121888       0x28 binaries/pipe_read.o
                                         0x54 (size before relaxing)
 .eh_frame      0x00000000001218b0       0x28 binaries/pipe_write.o
                                         0x54 (size before relaxing)
 .eh_frame      0x00000000001218d8       0xdc binaries/arp.o
                                        0x130 (size before relaxing)
 .eh_frame      0x00000000001219b4       0xc0 binaries/dhcp.o
                                        0x100 (size before relaxing)
 .eh_frame      0x0000000000121a74       0xa0 binaries/dns.o
                                         0xe0 (size before relaxing)
 .eh_frame      0x0000000000121b14       0x24 binaries/dot2ip.o
                                         0x50 (size before relaxing)
 .eh_frame      0x0000000000121b38       0x50 binaries/hexdump.o
                                         0x7c (size before relaxing)
 .eh_frame      0x0000000000121b88      0x180 binaries/icmp.o
                                        0x1d4 (size before relaxing)
 .eh_frame      0x0000000000121d08      0x148 binaries/ip.o
                                        0x188 (size before relaxing)
 .eh_frame      0x0000000000121e50       0xac binaries/net.o
                                        0x100 (size before relaxing)
 .eh_frame      0x0000000000121efc       0x60 binaries/pdump.o
                                         0xa0 (size before relaxing)
 .eh_frame      0x0000000000121f5c       0x70 binaries/tftp.o
                                         0xb0 (size before relaxing)
 .eh_frame      0x0000000000121fcc      0x17c binaries/udp.o
                                        0x1d0 (size before relaxing)
 .eh_frame      0x0000000000122148       0x2c binaries/addargs.o
                                         0x58 (size before relaxing)
 .eh_frame      0x0000000000122174       0x24 binaries/lexan.o
                                         0x50 (size before relaxing)
 .eh_frame      0x0000000000122198       0x54 binaries/shell.o
                                         0x80 (size before relaxing)
 .eh_frame      0x00000000001221ec       0x28 binaries/xsh_argecho.o
                                         0x54 (size before relaxing)
 .eh_frame      0x0000000000122214       0x50 binaries/xsh_arp.o
                                         0x7c (size before relaxing)
 .eh_frame      0x0000000000122264       0x2c binaries/xsh_cat.o
                                         0x58 (size before relaxing)
 .eh_frame      0x0000000000122290       0x28 binaries/xsh_clear.o
                                         0x54 (size before relaxing)
 .eh_frame      0x00000000001222b8       0x2c binaries/xsh_date.o
                                         0x58 (size before relaxing)
 .eh_frame      0x00000000001222e4       0x28 binaries/xsh_devdump.o
                                         0x54 (size before relaxing)
 .eh_frame      0x000000000012230c       0x28 binaries/xsh_echo.o
                                         0x54 (size before relaxing)
 .eh_frame      0x0000000000122334       0x20 binaries/xsh_exit.o
                                         0x4c (size before relaxing)
 .eh_frame      0x0000000000122354       0x2c binaries/xsh_help.o
                                         0x58 (size before relaxing)
 .eh_frame      0x0000000000122380       0x2c binaries/xsh_kill.o
                                         0x58 (size before relaxing)
 .eh_frame      0x00000000001223ac       0x30 binaries/xsh_ls.o
                                         0x5c (size before relaxing)
 .eh_frame      0x00000000001223dc       0x50 binaries/xsh_memdump.o
                                         0x90 (size before relaxing)
 .eh_frame      0x000000000012242c       0x7c binaries/xsh_memstat.o
                                         0xa8 (size before relaxing)
 .eh_frame      0x00000000001224a8       0x30 binaries/xsh_netinfo.o
                                         0x5c (size before relaxing)
 .eh_frame      0x00000000001224d8       0x30 binaries/xsh_ns.o
                                         0x5c (size before relaxing)
 .eh_frame      0x0000000000122508       0x30 binaries/xsh_ping.o
                                         0x5c (size before relaxing)
 .eh_frame      0x0000000000122538       0x30 binaries/xsh_ps.o
                                         0x5c (size before relaxing)
 .eh_frame      0x0000000000122568       0x2c binaries/xsh_sleep.o
                                         0x58 (size before relaxing)
 .eh_frame      0x0000000000122594       0x30 binaries/xsh_tee.o
                                         0x5c (size before relaxing)
 .eh_frame      0x00000000001225c4       0x2c binaries/xsh_udpdump.o
                                         0x58 (size before relaxing)
 .eh_frame      0x00000000001225f0       0x30 binaries/xsh_udpecho.o
                                         0x5c (size before relaxing)
 .eh_frame      0x0000000000122620       0x30 binaries/xsh_udpserver.o
                                         0x5c (size before relaxing)
 .eh_frame      0x0000000000122650       0x2c binaries/xsh_uptime.o
                                         0x58 (size before relaxing)

.iplt           0x000000000012267c        0x0
 .iplt          0x000000000012267c        0x0 binaries/start.o

.rel.dyn        0x000000000012267c        0x0
 .rel.got       0x000000000012267c        0x0 binaries/start.o
 .rel.iplt      0x000000000012267c        0x0 binaries/start.o
 .rel.text      0x000000000012267c        0x0 binaries/start.o

.data           0x0000000000122680     0x1980
                0x0000000000122680                data = ABSOLUTE (.)
 *(.data .data.*)
 .data          0x0000000000122680      0x460 binaries/start.o
                0x0000000000122680                gdt
                0x00000000001226c0                gdtr
                0x00000000001226c6                idt
                0x0000000000122ac6                idtr
                0x0000000000122acc                cpudelay
                0x0000000000122ad0                _bootdev
                0x0000000000122ad4                _cyloffset
 .data          0x0000000000122ae0        0x0 binaries/ascdate.o
 .data.rel.local
                0x0000000000122ae0       0x88 binaries/ascdate.o
                0x0000000000122ae0                Date
 .data          0x0000000000122b68        0x0 binaries/bufinit.o
 .data          0x0000000000122b68        0x0 binaries/chprio.o
 .data          0x0000000000122b68        0x4 binaries/clkhandler.o
 .data          0x0000000000122b6c        0x0 binaries/clkinit.o
 .data          0x0000000000122b6c        0x0 binaries/close.o
 .data          0x0000000000122b6c        0x0 binaries/conf.o
 *fill*         0x0000000000122b6c       0x14 
 .data.rel      0x0000000000122b80      0x834 binaries/conf.o
                0x0000000000122b80                devtab
 .data          0x00000000001233b4        0x0 binaries/control.o
 .data          0x00000000001233b4        0x4 binaries/create.o
 .data          0x00000000001233b8        0x0 binaries/evec.o
 *fill*         0x00000000001233b8        0x8 
 .data.rel.local
                0x00000000001233c0       0x40 binaries/evec.o
                0x00000000001233c0                inames
 .data          0x0000000000123400        0x0 binaries/exit.o
 .data          0x0000000000123400        0x0 binaries/freebuf.o
 .data          0x0000000000123400        0x0 binaries/freemem.o
 .data          0x0000000000123400        0x0 binaries/getbuf.o
 .data          0x0000000000123400        0x0 binaries/getc.o
 .data          0x0000000000123400        0x0 binaries/getdev.o
 .data          0x0000000000123400        0x0 binaries/getitem.o
 .data          0x0000000000123400        0x0 binaries/getmem.o
 .data          0x0000000000123400        0x0 binaries/getpid.o
 .data          0x0000000000123400        0x0 binaries/getprio.o
 .data          0x0000000000123400        0x0 binaries/getstk.o
 .data          0x0000000000123400        0x0 binaries/getticks.o
 .data          0x0000000000123400        0x0 binaries/gettime.o
 .data          0x0000000000123400        0x0 binaries/getutime.o
 .data          0x0000000000123400       0x40 binaries/i386.o
                0x0000000000123400                gdt_copy
 .data          0x0000000000123440        0x0 binaries/init.o
 .data          0x0000000000123440        0x0 binaries/initialize.o
 .data          0x0000000000123440        0x0 binaries/insert.o
 .data          0x0000000000123440        0x0 binaries/insertd.o
 .data          0x0000000000123440        0x0 binaries/ioerr.o
 .data          0x0000000000123440        0x0 binaries/ionull.o
 .data          0x0000000000123440        0x0 binaries/kill.o
 .data          0x0000000000123440        0x0 binaries/kprintf.o
 .data          0x0000000000123440        0x0 binaries/main.o
 .data          0x0000000000123440        0x0 binaries/mark.o
 .data          0x0000000000123440        0x0 binaries/meminit.o
 .data          0x0000000000123440        0x0 binaries/mkbufpool.o
 .data          0x0000000000123440        0x2 binaries/newqueue.o
 .data          0x0000000000123442        0x0 binaries/open.o
 .data          0x0000000000123442        0x0 binaries/panic.o
 *fill*         0x0000000000123442        0x2 
 .data          0x0000000000123444       0x10 binaries/pci.o
 .data          0x0000000000123454        0x0 binaries/ptclear.o
 .data          0x0000000000123454        0x0 binaries/ptcount.o
 .data          0x0000000000123454        0x0 binaries/ptcreate.o
 .data          0x0000000000123454        0x0 binaries/ptdelete.o
 .data          0x0000000000123454        0x0 binaries/ptinit.o
 .data          0x0000000000123454        0x0 binaries/ptrecv.o
 .data          0x0000000000123454        0x0 binaries/ptreset.o
 .data          0x0000000000123454        0x0 binaries/ptsend.o
 .data          0x0000000000123454        0x0 binaries/putc.o
 .data          0x0000000000123454        0x0 binaries/queue.o
 .data          0x0000000000123454        0x0 binaries/read.o
 .data          0x0000000000123454        0x0 binaries/ready.o
 .data          0x0000000000123454        0x0 binaries/receive.o
 .data          0x0000000000123454        0x0 binaries/recvclr.o
 .data          0x0000000000123454        0x0 binaries/recvtime.o
 .data          0x0000000000123454        0x0 binaries/resched.o
 .data          0x0000000000123454        0x0 binaries/resume.o
 .data          0x0000000000123454        0x0 binaries/seek.o
 .data          0x0000000000123454        0x0 binaries/semcount.o
 .data          0x0000000000123454        0x0 binaries/semcreate.o
 .data          0x0000000000123454        0x0 binaries/semdelete.o
 .data          0x0000000000123454        0x0 binaries/semreset.o
 .data          0x0000000000123454        0x0 binaries/send.o
 .data          0x0000000000123454        0x0 binaries/signal.o
 .data          0x0000000000123454        0x0 binaries/signaln.o
 .data          0x0000000000123454        0x0 binaries/sleep.o
 .data          0x0000000000123454        0x0 binaries/stacktrace.o
 .data          0x0000000000123454        0x0 binaries/suspend.o
 .data          0x0000000000123454        0x0 binaries/unsleep.o
 .data          0x0000000000123454        0x0 binaries/userret.o
 .data          0x0000000000123454        0x0 binaries/wait.o
 .data          0x0000000000123454        0x0 binaries/wakeup.o
 .data          0x0000000000123454        0x0 binaries/write.o
 .data          0x0000000000123454        0x0 binaries/xdone.o
 .data          0x0000000000123454        0x0 binaries/yield.o
 .data          0x0000000000123454        0x0 binaries/abs.o
 .data          0x0000000000123454        0x0 binaries/atoi.o
 .data          0x0000000000123454        0x0 binaries/atol.o
 .data          0x0000000000123454        0x0 binaries/bzero.o
 .data          0x0000000000123454        0x0 binaries/ctype_.o
 .data          0x0000000000123454        0x0 binaries/doprnt.o
 *fill*         0x0000000000123454        0xc 
 .data          0x0000000000123460       0x80 binaries/doscan.o
                0x0000000000123460                _sctab
 .data          0x00000000001234e0        0x0 binaries/fdoprnt.o
 .data          0x00000000001234e0        0x0 binaries/fgetc.o
 .data          0x00000000001234e0        0x0 binaries/fgets.o
 .data          0x00000000001234e0        0x0 binaries/fprintf.o
 .data          0x00000000001234e0        0x0 binaries/fputc.o
 .data          0x00000000001234e0        0x0 binaries/fputs.o
 .data          0x00000000001234e0        0x0 binaries/fscanf.o
 .data          0x00000000001234e0        0x0 binaries/getchar.o
 .data          0x00000000001234e0        0x0 binaries/labs.o
 .data          0x00000000001234e0        0x0 binaries/memcmp.o
 .data          0x00000000001234e0        0x0 binaries/memcpy.o
 .data          0x00000000001234e0        0x0 binaries/memset.o
 .data          0x00000000001234e0        0x0 binaries/printf.o
 .data          0x00000000001234e0        0x0 binaries/putchar.o
 .data          0x00000000001234e0        0x0 binaries/qsort.o
 .data          0x00000000001234e0        0x4 binaries/rand.o
 .data          0x00000000001234e4        0x0 binaries/sprintf.o
 .data          0x00000000001234e4        0x0 binaries/sscanf.o
 .data          0x00000000001234e4        0x0 binaries/strchr.o
 .data          0x00000000001234e4        0x0 binaries/strcmp.o
 .data          0x00000000001234e4        0x0 binaries/strcpy.o
 .data          0x00000000001234e4        0x0 binaries/strlen.o
 .data          0x00000000001234e4        0x0 binaries/strncat.o
 .data          0x00000000001234e4        0x0 binaries/strncmp.o
 .data          0x00000000001234e4        0x0 binaries/strncpy.o
 .data          0x00000000001234e4        0x0 binaries/strnlen.o
 .data          0x00000000001234e4        0x0 binaries/strrchr.o
 .data          0x00000000001234e4        0x0 binaries/strstr.o
 .data          0x00000000001234e4        0x0 binaries/ttycontrol.o
 .data          0x00000000001234e4        0x0 binaries/ttygetc.o
 .data          0x00000000001234e4        0x0 binaries/ttyhandle_in.o
 .data          0x00000000001234e4        0x0 binaries/ttyhandle_out.o
 .data          0x00000000001234e4        0x0 binaries/ttyhandler.o
 .data          0x00000000001234e4        0x0 binaries/ttyinit.o
 .data          0x00000000001234e4        0x0 binaries/ttykickout.o
 .data          0x00000000001234e4        0x0 binaries/ttyputc.o
 .data          0x00000000001234e4        0x0 binaries/ttyread.o
 .data          0x00000000001234e4        0x0 binaries/ttywrite.o
 .data          0x00000000001234e4        0x0 binaries/mount.o
 .data          0x00000000001234e4        0x0 binaries/naminit.o
 .data          0x00000000001234e4        0x0 binaries/nammap.o
 .data          0x00000000001234e4        0x0 binaries/namopen.o
 .data          0x00000000001234e4        0x0 binaries/82545EMInit.o
 .data          0x00000000001234e4        0x0 binaries/ethcontrol.o
 .data          0x00000000001234e4        0x0 binaries/ethhandler.o
 .data          0x00000000001234e4        0x0 binaries/ethinit.o
 .data          0x00000000001234e4        0x0 binaries/ethread.o
 .data          0x00000000001234e4        0x0 binaries/ethwrite.o
 .data          0x00000000001234e4        0x0 binaries/rdscomm.o
 .data          0x00000000001234e4        0x0 binaries/rdscontrol.o
 .data          0x00000000001234e4        0x0 binaries/rdsinit.o
 .data          0x00000000001234e4        0x0 binaries/rdsopen.o
 .data          0x00000000001234e4        0x4 binaries/rdsprocess.o
                0x00000000001234e4                go
 .data          0x00000000001234e8        0x0 binaries/rdsqfcns.o
 .data          0x00000000001234e8        0x0 binaries/rdsread.o
 .data          0x00000000001234e8        0x0 binaries/rdssetprio.o
 .data          0x00000000001234e8        0x0 binaries/rdswrite.o
 .data          0x00000000001234e8        0x0 binaries/ramclose.o
 .data          0x00000000001234e8        0x0 binaries/raminit.o
 .data          0x00000000001234e8        0x0 binaries/ramopen.o
 .data          0x00000000001234e8        0x0 binaries/ramread.o
 .data          0x00000000001234e8        0x0 binaries/ramwrite.o
 .data          0x00000000001234e8        0x0 binaries/lfdballoc.o
 .data          0x00000000001234e8        0x0 binaries/lfdbfree.o
 .data          0x00000000001234e8        0x0 binaries/lfflush.o
 .data          0x00000000001234e8        0x0 binaries/lfgetmode.o
 .data          0x00000000001234e8        0x0 binaries/lfiballoc.o
 .data          0x00000000001234e8        0x0 binaries/lfibclear.o
 .data          0x00000000001234e8        0x0 binaries/lfibget.o
 .data          0x00000000001234e8        0x0 binaries/lfibput.o
 .data          0x00000000001234e8        0x0 binaries/lflclose.o
 .data          0x00000000001234e8        0x0 binaries/lflcontrol.o
 .data          0x00000000001234e8        0x0 binaries/lflgetc.o
 .data          0x00000000001234e8        0x0 binaries/lflinit.o
 .data          0x00000000001234e8        0x0 binaries/lflputc.o
 .data          0x00000000001234e8        0x0 binaries/lflread.o
 .data          0x00000000001234e8        0x0 binaries/lflseek.o
 .data          0x00000000001234e8        0x0 binaries/lflwrite.o
 .data          0x00000000001234e8        0x0 binaries/lfscheck.o
 .data          0x00000000001234e8        0x0 binaries/lfsckfmt.o
 .data          0x00000000001234e8        0x0 binaries/lfscreate.o
 .data          0x00000000001234e8        0x0 binaries/lfsetup.o
 .data          0x00000000001234e8        0x0 binaries/lfsinit.o
 .data          0x00000000001234e8        0x0 binaries/lfsopen.o
 .data          0x00000000001234e8        0x0 binaries/lftruncate.o
 .data          0x00000000001234e8        0x0 binaries/rflclose.o
 .data          0x00000000001234e8        0x0 binaries/rflgetc.o
 .data          0x00000000001234e8        0x0 binaries/rflinit.o
 .data          0x00000000001234e8        0x0 binaries/rflputc.o
 .data          0x00000000001234e8        0x0 binaries/rflread.o
 .data          0x00000000001234e8        0x0 binaries/rflseek.o
 .data          0x00000000001234e8        0x0 binaries/rflwrite.o
 .data          0x00000000001234e8        0x0 binaries/rfscomm.o
 .data          0x00000000001234e8        0x0 binaries/rfscontrol.o
 .data          0x00000000001234e8        0x0 binaries/rfsgetmode.o
 .data          0x00000000001234e8        0x0 binaries/rfsinit.o
 .data          0x00000000001234e8        0x0 binaries/rfsndmsg.o
 .data          0x00000000001234e8        0x0 binaries/rfsopen.o
 .data          0x00000000001234e8        0x0 binaries/pipe_close.o
 .data          0x00000000001234e8        0x0 binaries/pipe_getc.o
 .data          0x00000000001234e8        0x0 binaries/pipe_init.o
 .data          0x00000000001234e8        0x0 binaries/pipe_open.o
 .data          0x00000000001234e8        0x0 binaries/pipe_putc.o
 .data          0x00000000001234e8        0x0 binaries/pipe_read.o
 .data          0x00000000001234e8        0x0 binaries/pipe_write.o
 .data          0x00000000001234e8        0x0 binaries/arp.o
 .data          0x00000000001234e8        0x0 binaries/dhcp.o
 .data          0x00000000001234e8        0x0 binaries/dns.o
 .data          0x00000000001234e8        0x0 binaries/dot2ip.o
 .data          0x00000000001234e8        0x0 binaries/hexdump.o
 .data          0x00000000001234e8        0x4 binaries/icmp.o
 .data          0x00000000001234ec        0x0 binaries/ip.o
 .data          0x00000000001234ec        0x0 binaries/net.o
 .data          0x00000000001234ec        0x0 binaries/pdump.o
 .data          0x00000000001234ec        0x0 binaries/tftp.o
 .data          0x00000000001234ec        0x4 binaries/udp.o
 .data          0x00000000001234f0        0x0 binaries/addargs.o
 .data          0x00000000001234f0        0x0 binaries/lexan.o
 .data          0x00000000001234f0        0x4 binaries/shell.o
                0x00000000001234f0                ncmd
 *fill*         0x00000000001234f4        0xc 
 .data.rel.ro   0x0000000000123500       0xb8 binaries/shell.o
                0x0000000000123500                cmdtab
 .data          0x00000000001235b8        0x0 binaries/xsh_argecho.o
 .data          0x00000000001235b8        0x0 binaries/xsh_arp.o
 .data          0x00000000001235b8        0x0 binaries/xsh_cat.o
 .data          0x00000000001235b8        0x0 binaries/xsh_clear.o
 .data          0x00000000001235b8        0x0 binaries/xsh_date.o
 .data          0x00000000001235b8        0x0 binaries/xsh_devdump.o
 .data          0x00000000001235b8        0x0 binaries/xsh_echo.o
 .data          0x00000000001235b8        0x0 binaries/xsh_exit.o
 .data          0x00000000001235b8        0x0 binaries/xsh_help.o
 .data          0x00000000001235b8        0x0 binaries/xsh_kill.o
 .data          0x00000000001235b8        0x0 binaries/xsh_ls.o
 .data          0x00000000001235b8        0x0 binaries/xsh_memdump.o
 .data          0x00000000001235b8        0x0 binaries/xsh_memstat.o
 .data          0x00000000001235b8        0x0 binaries/xsh_netinfo.o
 *fill*         0x00000000001235b8        0x8 
 .data          0x00000000001235c0       0x20 binaries/xsh_ns.o
 .data          0x00000000001235e0        0x0 binaries/xsh_ping.o
 .data          0x00000000001235e0       0x20 binaries/xsh_ps.o
 .data          0x0000000000123600        0x0 binaries/xsh_sleep.o
 .data          0x0000000000123600        0x0 binaries/xsh_tee.o
 .data          0x0000000000123600        0x0 binaries/xsh_udpdump.o
 .data          0x0000000000123600        0x0 binaries/xsh_udpecho.o
 .data          0x0000000000123600        0x0 binaries/xsh_udpserver.o
 .data          0x0000000000123600        0x0 binaries/xsh_uptime.o
 .data          0x0000000000123600        0x0 binaries/clkdisp.o
 .data          0x0000000000123600        0x0 binaries/ctxsw.o
 .data          0x0000000000123600        0x0 binaries/intr.o
 .data          0x0000000000123600        0x0 binaries/ttydispatch.o
 .data          0x0000000000123600        0x0 binaries/ethdispatch.o
                0x0000000000123600                edata = ABSOLUTE (.)
                0x0000000000123600                _edata = ABSOLUTE (.)
                0x0000000000124000                . = ALIGN (0x1000)
 *fill*         0x0000000000123600      0xa00 

.got            0x0000000000124000        0x0
 .got           0x0000000000124000        0x0 binaries/start.o

.got.plt        0x0000000000124000        0xc
 .got.plt       0x0000000000124000        0xc binaries/start.o
                0x0000000000124000                _GLOBAL_OFFSET_TABLE_

.igot.plt       0x000000000012400c        0x0
 .igot.plt      0x000000000012400c        0x0 binaries/start.o

.bss            0x0000000000124020    0x22fe0
                0x0000000000124020                bss = ABSOLUTE (.)
 *(.bss .bss.*)
 .bss           0x0000000000124020        0x0 binaries/start.o
 .bss           0x0000000000124020        0x0 binaries/ascdate.o
 .bss           0x0000000000124020       0xf4 binaries/bufinit.o
                0x0000000000124020                buftab
                0x0000000000124110                nbpools
 .bss           0x0000000000124114        0x0 binaries/chprio.o
 .bss           0x0000000000124114        0x0 binaries/clkhandler.o
 .bss           0x0000000000124114       0x10 binaries/clkinit.o
                0x0000000000124114                clktime
                0x0000000000124118                ctr1000
                0x000000000012411c                sleepq
                0x0000000000124120                preempt
 .bss           0x0000000000124124        0x0 binaries/close.o
 .bss           0x0000000000124124        0x0 binaries/conf.o
 .bss           0x0000000000124124        0x0 binaries/control.o
 .bss           0x0000000000124124        0x0 binaries/create.o
 .bss           0x0000000000124124        0x8 binaries/evec.o